// Jest Snapshot v1, https://goo.gl/fbAQLP

exports[`<TopBar /> tests renders without crashing 1`] = `
Object {
  "asFragment": [Function],
  "baseElement": <body>
    <div>
      <header
        class="topBar"
        data-cy="topbar"
      >
        <div>
          <img
            alt="logo"
            class="logo"
            src="logo.svg"
          />
        </div>
        <form
          class="searchFieldContainer"
        >
          <input
            autocomplete="on"
            autosave="true"
            data-cy="searchField"
            id="searchField"
            placeholder="Buscar por uma moeda"
            type="search"
          />
          <button
            class="fas fa-search"
            data-cy="searchButton"
            type="submit"
          />
        </form>
      </header>
    </div>
  </body>,
  "container": <div>
    <header
      class="topBar"
      data-cy="topbar"
    >
      <div>
        <img
          alt="logo"
          class="logo"
          src="logo.svg"
        />
      </div>
      <form
        class="searchFieldContainer"
      >
        <input
          autocomplete="on"
          autosave="true"
          data-cy="searchField"
          id="searchField"
          placeholder="Buscar por uma moeda"
          type="search"
        />
        <button
          class="fas fa-search"
          data-cy="searchButton"
          type="submit"
        />
      </form>
    </header>
  </div>,
  "debug": [Function],
  "findAllByAltText": [Function],
  "findAllByDisplayValue": [Function],
  "findAllByLabelText": [Function],
  "findAllByPlaceholderText": [Function],
  "findAllByRole": [Function],
  "findAllByTestId": [Function],
  "findAllByText": [Function],
  "findAllByTitle": [Function],
  "findByAltText": [Function],
  "findByDisplayValue": [Function],
  "findByLabelText": [Function],
  "findByPlaceholderText": [Function],
  "findByRole": [Function],
  "findByTestId": [Function],
  "findByText": [Function],
  "findByTitle": [Function],
  "getAllByAltText": [Function],
  "getAllByDisplayValue": [Function],
  "getAllByLabelText": [Function],
  "getAllByPlaceholderText": [Function],
  "getAllByRole": [Function],
  "getAllByTestId": [Function],
  "getAllByText": [Function],
  "getAllByTitle": [Function],
  "getByAltText": [Function],
  "getByDisplayValue": [Function],
  "getByLabelText": [Function],
  "getByPlaceholderText": [Function],
  "getByRole": [Function],
  "getByTestId": [Function],
  "getByText": [Function],
  "getByTitle": [Function],
  "queryAllByAltText": [Function],
  "queryAllByDisplayValue": [Function],
  "queryAllByLabelText": [Function],
  "queryAllByPlaceholderText": [Function],
  "queryAllByRole": [Function],
  "queryAllByTestId": [Function],
  "queryAllByText": [Function],
  "queryAllByTitle": [Function],
  "queryByAltText": [Function],
  "queryByDisplayValue": [Function],
  "queryByLabelText": [Function],
  "queryByPlaceholderText": [Function],
  "queryByRole": [Function],
  "queryByTestId": [Function],
  "queryByText": [Function],
  "queryByTitle": [Function],
  "rerender": [Function],
  "unmount": [Function],
}
`;
